[2024-09-06T12:17:44.082+0000][gc,init] CardTable entry size: 512
[2024-09-06T12:17:44.082+0000][gc     ] Using G1
[2024-09-06T12:17:44.084+0000][gc,init] Version: 21.0.4+7-Ubuntu-1ubuntu224.04 (release)
[2024-09-06T12:17:44.084+0000][gc,init] CPUs: 24 total, 24 available
[2024-09-06T12:17:44.084+0000][gc,init] Memory: 7789M
[2024-09-06T12:17:44.084+0000][gc,init] Large Page Support: Disabled
[2024-09-06T12:17:44.084+0000][gc,init] NUMA Support: Disabled
[2024-09-06T12:17:44.084+0000][gc,init] Compressed Oops: Enabled (32-bit)
[2024-09-06T12:17:44.084+0000][gc,init] Heap Region Size: 1M
[2024-09-06T12:17:44.084+0000][gc,init] Heap Min Capacity: 1G
[2024-09-06T12:17:44.084+0000][gc,init] Heap Initial Capacity: 1G
[2024-09-06T12:17:44.084+0000][gc,init] Heap Max Capacity: 1G
[2024-09-06T12:17:44.084+0000][gc,init] Pre-touch: Disabled
[2024-09-06T12:17:44.084+0000][gc,init] Parallel Workers: 18
[2024-09-06T12:17:44.084+0000][gc,init] Concurrent Workers: 5
[2024-09-06T12:17:44.084+0000][gc,init] Concurrent Refinement Workers: 18
[2024-09-06T12:17:44.084+0000][gc,init] Periodic GC: Disabled
[2024-09-06T12:17:44.087+0000][gc,metaspace] CDS archive(s) mapped at: [0x00007f5bc7000000-0x00007f5bc7cae000-0x00007f5bc7cae000), size 13295616, SharedBaseAddress: 0x00007f5bc7000000, ArchiveRelocationMode: 1.
[2024-09-06T12:17:44.087+0000][gc,metaspace] Compressed class space mapped at: 0x00007f5bc8000000-0x00007f5c08000000, reserved size: 1073741824
[2024-09-06T12:17:44.087+0000][gc,metaspace] Narrow klass base: 0x00007f5bc7000000, Narrow klass shift: 0, Narrow klass range: 0x100000000
[2024-09-06T12:17:44.621+0000][gc,start    ] GC(0) Pause Young (Normal) (G1 Evacuation Pause)
[2024-09-06T12:17:44.623+0000][gc,task     ] GC(0) Using 18 workers of 18 for evacuation
[2024-09-06T12:17:44.629+0000][gc,phases   ] GC(0)   Pre Evacuate Collection Set: 0.3ms
[2024-09-06T12:17:44.629+0000][gc,phases   ] GC(0)   Merge Heap Roots: 0.2ms
[2024-09-06T12:17:44.629+0000][gc,phases   ] GC(0)   Evacuate Collection Set: 4.4ms
[2024-09-06T12:17:44.629+0000][gc,phases   ] GC(0)   Post Evacuate Collection Set: 1.2ms
[2024-09-06T12:17:44.629+0000][gc,phases   ] GC(0)   Other: 1.5ms
[2024-09-06T12:17:44.629+0000][gc,heap     ] GC(0) Eden regions: 51->0(44)
[2024-09-06T12:17:44.629+0000][gc,heap     ] GC(0) Survivor regions: 0->7(7)
[2024-09-06T12:17:44.629+0000][gc,heap     ] GC(0) Old regions: 2->4
[2024-09-06T12:17:44.629+0000][gc,heap     ] GC(0) Humongous regions: 0->0
[2024-09-06T12:17:44.629+0000][gc,metaspace] GC(0) Metaspace: 17410K(17664K)->17410K(17664K) NonClass: 15387K(15488K)->15387K(15488K) Class: 2023K(2176K)->2023K(2176K)
[2024-09-06T12:17:44.629+0000][gc          ] GC(0) Pause Young (Normal) (G1 Evacuation Pause) 52M->9M(1024M) 7.690ms
[2024-09-06T12:17:44.629+0000][gc,cpu      ] GC(0) User=0.00s Sys=0.06s Real=0.01s
[2024-09-06T12:17:44.740+0000][gc,start    ] GC(1) Pause Young (Concurrent Start) (Metadata GC Threshold)
[2024-09-06T12:17:44.740+0000][gc,task     ] GC(1) Using 18 workers of 18 for evacuation
[2024-09-06T12:17:44.744+0000][gc,phases   ] GC(1)   Pre Evacuate Collection Set: 0.3ms
[2024-09-06T12:17:44.744+0000][gc,phases   ] GC(1)   Merge Heap Roots: 0.1ms
[2024-09-06T12:17:44.744+0000][gc,phases   ] GC(1)   Evacuate Collection Set: 3.1ms
[2024-09-06T12:17:44.744+0000][gc,phases   ] GC(1)   Post Evacuate Collection Set: 0.5ms
[2024-09-06T12:17:44.744+0000][gc,phases   ] GC(1)   Other: 0.1ms
[2024-09-06T12:17:44.744+0000][gc,heap     ] GC(1) Eden regions: 15->0(50)
[2024-09-06T12:17:44.744+0000][gc,heap     ] GC(1) Survivor regions: 7->1(7)
[2024-09-06T12:17:44.744+0000][gc,heap     ] GC(1) Old regions: 4->11
[2024-09-06T12:17:44.744+0000][gc,heap     ] GC(1) Humongous regions: 0->0
[2024-09-06T12:17:44.744+0000][gc,metaspace] GC(1) Metaspace: 21261K(21504K)->21261K(21504K) NonClass: 18768K(18880K)->18768K(18880K) Class: 2493K(2624K)->2493K(2624K)
[2024-09-06T12:17:44.744+0000][gc          ] GC(1) Pause Young (Concurrent Start) (Metadata GC Threshold) 23M->10M(1024M) 4.128ms
[2024-09-06T12:17:44.744+0000][gc          ] GC(2) Concurrent Mark Cycle
[2024-09-06T12:17:44.744+0000][gc,marking  ] GC(2) Concurrent Scan Root Regions
[2024-09-06T12:17:44.744+0000][gc,cpu      ] GC(1) User=0.03s Sys=0.00s Real=0.00s
[2024-09-06T12:17:44.745+0000][gc,marking  ] GC(2) Concurrent Scan Root Regions 0.968ms
[2024-09-06T12:17:44.745+0000][gc,marking  ] GC(2) Concurrent Mark
[2024-09-06T12:17:44.745+0000][gc,marking  ] GC(2) Concurrent Mark From Roots
[2024-09-06T12:17:44.745+0000][gc,task     ] GC(2) Using 5 workers of 5 for marking
[2024-09-06T12:17:44.746+0000][gc,marking  ] GC(2) Concurrent Mark From Roots 0.908ms
[2024-09-06T12:17:44.746+0000][gc,marking  ] GC(2) Concurrent Preclean
[2024-09-06T12:17:44.746+0000][gc,marking  ] GC(2) Concurrent Preclean 0.007ms
[2024-09-06T12:17:44.746+0000][gc,start    ] GC(2) Pause Remark
[2024-09-06T12:17:44.747+0000][gc          ] GC(2) Pause Remark 10M->10M(1024M) 1.658ms
[2024-09-06T12:17:44.748+0000][gc,cpu      ] GC(2) User=0.00s Sys=0.00s Real=0.00s
[2024-09-06T12:17:44.748+0000][gc,marking  ] GC(2) Concurrent Mark 2.867ms
[2024-09-06T12:17:44.748+0000][gc,marking  ] GC(2) Concurrent Rebuild Remembered Sets and Scrub Regions
[2024-09-06T12:17:44.748+0000][gc,marking  ] GC(2) Concurrent Rebuild Remembered Sets and Scrub Regions 0.760ms
[2024-09-06T12:17:44.749+0000][gc,start    ] GC(2) Pause Cleanup
[2024-09-06T12:17:44.749+0000][gc          ] GC(2) Pause Cleanup 10M->10M(1024M) 0.169ms
[2024-09-06T12:17:44.749+0000][gc,cpu      ] GC(2) User=0.00s Sys=0.00s Real=0.00s
[2024-09-06T12:17:44.749+0000][gc,marking  ] GC(2) Concurrent Clear Claimed Marks
[2024-09-06T12:17:44.749+0000][gc,marking  ] GC(2) Concurrent Clear Claimed Marks 0.015ms
[2024-09-06T12:17:44.749+0000][gc,marking  ] GC(2) Concurrent Cleanup for Next Mark
[2024-09-06T12:17:44.751+0000][gc,marking  ] GC(2) Concurrent Cleanup for Next Mark 1.873ms
[2024-09-06T12:17:44.751+0000][gc          ] GC(2) Concurrent Mark Cycle 6.976ms
[2024-09-06T12:17:45.124+0000][gc,start    ] GC(3) Pause Young (Prepare Mixed) (GCLocker Initiated GC)
[2024-09-06T12:17:45.124+0000][gc,task     ] GC(3) Using 18 workers of 18 for evacuation
[2024-09-06T12:17:45.126+0000][gc,phases   ] GC(3)   Pre Evacuate Collection Set: 0.3ms
[2024-09-06T12:17:45.126+0000][gc,phases   ] GC(3)   Merge Heap Roots: 0.2ms
[2024-09-06T12:17:45.126+0000][gc,phases   ] GC(3)   Evacuate Collection Set: 1.6ms
[2024-09-06T12:17:45.126+0000][gc,phases   ] GC(3)   Post Evacuate Collection Set: 0.6ms
[2024-09-06T12:17:45.127+0000][gc,phases   ] GC(3)   Other: 0.0ms
[2024-09-06T12:17:45.127+0000][gc,heap     ] GC(3) Eden regions: 50->0(44)
[2024-09-06T12:17:45.127+0000][gc,heap     ] GC(3) Survivor regions: 1->7(7)
[2024-09-06T12:17:45.127+0000][gc,heap     ] GC(3) Old regions: 11->11
[2024-09-06T12:17:45.127+0000][gc,heap     ] GC(3) Humongous regions: 129->129
[2024-09-06T12:17:45.127+0000][gc,metaspace] GC(3) Metaspace: 33119K(33408K)->33119K(33408K) NonClass: 29520K(29696K)->29520K(29696K) Class: 3599K(3712K)->3599K(3712K)
[2024-09-06T12:17:45.127+0000][gc          ] GC(3) Pause Young (Prepare Mixed) (GCLocker Initiated GC) 189M->144M(1024M) 2.785ms
[2024-09-06T12:17:45.127+0000][gc,cpu      ] GC(3) User=0.02s Sys=0.00s Real=0.01s
[2024-09-06T12:17:45.186+0000][gc,start    ] GC(4) Pause Young (Mixed) (Metadata GC Threshold)
[2024-09-06T12:17:45.186+0000][gc,task     ] GC(4) Using 18 workers of 18 for evacuation
[2024-09-06T12:17:45.193+0000][gc,phases   ] GC(4)   Pre Evacuate Collection Set: 0.2ms
[2024-09-06T12:17:45.193+0000][gc,phases   ] GC(4)   Merge Heap Roots: 0.2ms
[2024-09-06T12:17:45.193+0000][gc,phases   ] GC(4)   Evacuate Collection Set: 5.6ms
[2024-09-06T12:17:45.193+0000][gc,phases   ] GC(4)   Post Evacuate Collection Set: 0.6ms
[2024-09-06T12:17:45.193+0000][gc,phases   ] GC(4)   Other: 0.0ms
[2024-09-06T12:17:45.193+0000][gc,heap     ] GC(4) Eden regions: 11->0(49)
[2024-09-06T12:17:45.193+0000][gc,heap     ] GC(4) Survivor regions: 7->2(7)
[2024-09-06T12:17:45.193+0000][gc,heap     ] GC(4) Old regions: 11->16
[2024-09-06T12:17:45.193+0000][gc,heap     ] GC(4) Humongous regions: 129->129
[2024-09-06T12:17:45.193+0000][gc,metaspace] GC(4) Metaspace: 35629K(35968K)->35629K(35968K) NonClass: 31706K(31872K)->31706K(31872K) Class: 3922K(4096K)->3922K(4096K)
[2024-09-06T12:17:45.193+0000][gc          ] GC(4) Pause Young (Mixed) (Metadata GC Threshold) 154M->145M(1024M) 6.835ms
[2024-09-06T12:17:45.193+0000][gc,cpu      ] GC(4) User=0.07s Sys=0.01s Real=0.00s
[2024-09-06T12:17:45.276+0000][gc,start    ] GC(5) Pause Young (Concurrent Start) (Metadata GC Threshold)
[2024-09-06T12:17:45.276+0000][gc,task     ] GC(5) Using 18 workers of 18 for evacuation
[2024-09-06T12:17:45.278+0000][gc,phases   ] GC(5)   Pre Evacuate Collection Set: 0.3ms
[2024-09-06T12:17:45.278+0000][gc,phases   ] GC(5)   Merge Heap Roots: 0.2ms
[2024-09-06T12:17:45.278+0000][gc,phases   ] GC(5)   Evacuate Collection Set: 0.6ms
[2024-09-06T12:17:45.278+0000][gc,phases   ] GC(5)   Post Evacuate Collection Set: 0.5ms
[2024-09-06T12:17:45.278+0000][gc,phases   ] GC(5)   Other: 0.0ms
[2024-09-06T12:17:45.278+0000][gc,heap     ] GC(5) Eden regions: 3->0(50)
[2024-09-06T12:17:45.278+0000][gc,heap     ] GC(5) Survivor regions: 2->1(7)
[2024-09-06T12:17:45.278+0000][gc,heap     ] GC(5) Old regions: 16->16
[2024-09-06T12:17:45.278+0000][gc,heap     ] GC(5) Humongous regions: 129->129
[2024-09-06T12:17:45.278+0000][gc,metaspace] GC(5) Metaspace: 35957K(36288K)->35957K(36288K) NonClass: 31984K(32128K)->31984K(32128K) Class: 3972K(4160K)->3972K(4160K)
[2024-09-06T12:17:45.278+0000][gc          ] GC(5) Pause Young (Concurrent Start) (Metadata GC Threshold) 148M->145M(1024M) 1.718ms
[2024-09-06T12:17:45.278+0000][gc          ] GC(6) Concurrent Mark Cycle
[2024-09-06T12:17:45.278+0000][gc,marking  ] GC(6) Concurrent Scan Root Regions
[2024-09-06T12:17:45.278+0000][gc,cpu      ] GC(5) User=0.01s Sys=0.01s Real=0.00s
[2024-09-06T12:17:45.279+0000][gc,marking  ] GC(6) Concurrent Scan Root Regions 0.558ms
[2024-09-06T12:17:45.279+0000][gc,marking  ] GC(6) Concurrent Mark
[2024-09-06T12:17:45.279+0000][gc,marking  ] GC(6) Concurrent Mark From Roots
[2024-09-06T12:17:45.279+0000][gc,task     ] GC(6) Using 5 workers of 5 for marking
[2024-09-06T12:17:45.282+0000][gc,marking  ] GC(6) Concurrent Mark From Roots 2.869ms
[2024-09-06T12:17:45.282+0000][gc,marking  ] GC(6) Concurrent Preclean
[2024-09-06T12:17:45.282+0000][gc,marking  ] GC(6) Concurrent Preclean 0.019ms
[2024-09-06T12:17:45.282+0000][gc,start    ] GC(6) Pause Remark
[2024-09-06T12:17:45.283+0000][gc          ] GC(6) Pause Remark 146M->146M(1024M) 1.619ms
[2024-09-06T12:17:45.283+0000][gc,cpu      ] GC(6) User=0.01s Sys=0.00s Real=0.00s
[2024-09-06T12:17:45.283+0000][gc,marking  ] GC(6) Concurrent Mark 4.768ms
[2024-09-06T12:17:45.283+0000][gc,marking  ] GC(6) Concurrent Rebuild Remembered Sets and Scrub Regions
[2024-09-06T12:17:45.285+0000][gc,marking  ] GC(6) Concurrent Rebuild Remembered Sets and Scrub Regions 1.517ms
[2024-09-06T12:17:45.285+0000][gc,start    ] GC(6) Pause Cleanup
[2024-09-06T12:17:45.285+0000][gc          ] GC(6) Pause Cleanup 146M->146M(1024M) 0.193ms
[2024-09-06T12:17:45.285+0000][gc,cpu      ] GC(6) User=0.00s Sys=0.00s Real=0.00s
[2024-09-06T12:17:45.285+0000][gc,marking  ] GC(6) Concurrent Clear Claimed Marks
[2024-09-06T12:17:45.285+0000][gc,marking  ] GC(6) Concurrent Clear Claimed Marks 0.023ms
[2024-09-06T12:17:45.285+0000][gc,marking  ] GC(6) Concurrent Cleanup for Next Mark
[2024-09-06T12:17:45.286+0000][gc,marking  ] GC(6) Concurrent Cleanup for Next Mark 0.366ms
[2024-09-06T12:17:45.286+0000][gc          ] GC(6) Concurrent Mark Cycle 7.758ms
[2024-09-06T12:31:13.849+0000][gc,start    ] GC(7) Pause Young (Prepare Mixed) (G1 Evacuation Pause)
[2024-09-06T12:31:13.849+0000][gc,task     ] GC(7) Using 18 workers of 18 for evacuation
[2024-09-06T12:31:13.853+0000][gc,phases   ] GC(7)   Pre Evacuate Collection Set: 0.5ms
[2024-09-06T12:31:13.853+0000][gc,phases   ] GC(7)   Merge Heap Roots: 0.2ms
[2024-09-06T12:31:13.853+0000][gc,phases   ] GC(7)   Evacuate Collection Set: 2.9ms
[2024-09-06T12:31:13.853+0000][gc,phases   ] GC(7)   Post Evacuate Collection Set: 0.8ms
[2024-09-06T12:31:13.853+0000][gc,phases   ] GC(7)   Other: 0.0ms
[2024-09-06T12:31:13.853+0000][gc,heap     ] GC(7) Eden regions: 50->0(46)
[2024-09-06T12:31:13.853+0000][gc,heap     ] GC(7) Survivor regions: 1->5(7)
[2024-09-06T12:31:13.853+0000][gc,heap     ] GC(7) Old regions: 16->16
[2024-09-06T12:31:13.853+0000][gc,heap     ] GC(7) Humongous regions: 129->129
[2024-09-06T12:31:13.853+0000][gc,metaspace] GC(7) Metaspace: 42878K(43584K)->42878K(43584K) NonClass: 37837K(38272K)->37837K(38272K) Class: 5041K(5312K)->5041K(5312K)
[2024-09-06T12:31:13.853+0000][gc          ] GC(7) Pause Young (Prepare Mixed) (G1 Evacuation Pause) 195M->148M(1024M) 4.541ms
[2024-09-06T12:31:13.853+0000][gc,cpu      ] GC(7) User=0.01s Sys=0.00s Real=0.00s
[2024-09-06T12:34:32.139+0000][gc,start    ] GC(8) Pause Young (Mixed) (G1 Evacuation Pause)
[2024-09-06T12:34:32.139+0000][gc,task     ] GC(8) Using 18 workers of 18 for evacuation
[2024-09-06T12:34:32.145+0000][gc,phases   ] GC(8)   Pre Evacuate Collection Set: 0.3ms
[2024-09-06T12:34:32.145+0000][gc,phases   ] GC(8)   Merge Heap Roots: 0.1ms
[2024-09-06T12:34:32.145+0000][gc,phases   ] GC(8)   Evacuate Collection Set: 5.0ms
[2024-09-06T12:34:32.145+0000][gc,phases   ] GC(8)   Post Evacuate Collection Set: 0.7ms
[2024-09-06T12:34:32.145+0000][gc,phases   ] GC(8)   Other: 0.0ms
[2024-09-06T12:34:32.145+0000][gc,heap     ] GC(8) Eden regions: 46->0(47)
[2024-09-06T12:34:32.145+0000][gc,heap     ] GC(8) Survivor regions: 5->4(7)
[2024-09-06T12:34:32.145+0000][gc,heap     ] GC(8) Old regions: 16->20
[2024-09-06T12:34:32.145+0000][gc,heap     ] GC(8) Humongous regions: 129->129
[2024-09-06T12:34:32.145+0000][gc,metaspace] GC(8) Metaspace: 44058K(44800K)->44058K(44800K) NonClass: 38982K(39424K)->38982K(39424K) Class: 5075K(5376K)->5075K(5376K)
[2024-09-06T12:34:32.145+0000][gc          ] GC(8) Pause Young (Mixed) (G1 Evacuation Pause) 194M->152M(1024M) 6.221ms
[2024-09-06T12:34:32.145+0000][gc,cpu      ] GC(8) User=0.00s Sys=0.04s Real=0.01s
[2024-09-06T12:37:21.420+0000][gc,start    ] GC(9) Pause Young (Normal) (G1 Evacuation Pause)
[2024-09-06T12:37:21.421+0000][gc,task     ] GC(9) Using 18 workers of 18 for evacuation
[2024-09-06T12:37:21.427+0000][gc,phases   ] GC(9)   Pre Evacuate Collection Set: 0.9ms
[2024-09-06T12:37:21.427+0000][gc,phases   ] GC(9)   Merge Heap Roots: 0.2ms
[2024-09-06T12:37:21.427+0000][gc,phases   ] GC(9)   Evacuate Collection Set: 4.2ms
[2024-09-06T12:37:21.427+0000][gc,phases   ] GC(9)   Post Evacuate Collection Set: 0.5ms
[2024-09-06T12:37:21.427+0000][gc,phases   ] GC(9)   Other: 0.1ms
[2024-09-06T12:37:21.427+0000][gc,heap     ] GC(9) Eden regions: 47->0(44)
[2024-09-06T12:37:21.427+0000][gc,heap     ] GC(9) Survivor regions: 4->7(7)
[2024-09-06T12:37:21.427+0000][gc,heap     ] GC(9) Old regions: 20->20
[2024-09-06T12:37:21.427+0000][gc,heap     ] GC(9) Humongous regions: 129->129
[2024-09-06T12:37:21.427+0000][gc,metaspace] GC(9) Metaspace: 44398K(45056K)->44398K(45056K) NonClass: 39319K(39680K)->39319K(39680K) Class: 5079K(5376K)->5079K(5376K)
[2024-09-06T12:37:21.427+0000][gc          ] GC(9) Pause Young (Normal) (G1 Evacuation Pause) 199M->155M(1024M) 6.613ms
[2024-09-06T12:37:21.427+0000][gc,cpu      ] GC(9) User=0.01s Sys=0.00s Real=0.00s
[2024-09-06T12:40:03.854+0000][gc,start    ] GC(10) Pause Young (Normal) (G1 Evacuation Pause)
[2024-09-06T12:40:03.854+0000][gc,task     ] GC(10) Using 18 workers of 18 for evacuation
[2024-09-06T12:40:03.867+0000][gc,phases   ] GC(10)   Pre Evacuate Collection Set: 0.7ms
[2024-09-06T12:40:03.867+0000][gc,phases   ] GC(10)   Merge Heap Roots: 0.1ms
[2024-09-06T12:40:03.867+0000][gc,phases   ] GC(10)   Evacuate Collection Set: 11.1ms
[2024-09-06T12:40:03.867+0000][gc,phases   ] GC(10)   Post Evacuate Collection Set: 0.8ms
[2024-09-06T12:40:03.867+0000][gc,phases   ] GC(10)   Other: 0.0ms
[2024-09-06T12:40:03.867+0000][gc,heap     ] GC(10) Eden regions: 44->0(47)
[2024-09-06T12:40:03.867+0000][gc,heap     ] GC(10) Survivor regions: 7->4(7)
[2024-09-06T12:40:03.867+0000][gc,heap     ] GC(10) Old regions: 20->27
[2024-09-06T12:40:03.867+0000][gc,heap     ] GC(10) Humongous regions: 129->129
[2024-09-06T12:40:03.867+0000][gc,metaspace] GC(10) Metaspace: 44625K(45312K)->44625K(45312K) NonClass: 39525K(39936K)->39525K(39936K) Class: 5100K(5376K)->5100K(5376K)
[2024-09-06T12:40:03.867+0000][gc          ] GC(10) Pause Young (Normal) (G1 Evacuation Pause) 199M->159M(1024M) 12.860ms
[2024-09-06T12:40:03.867+0000][gc,cpu      ] GC(10) User=0.02s Sys=0.15s Real=0.01s
[2024-09-06T12:42:41.297+0000][gc,start    ] GC(11) Pause Young (Normal) (G1 Evacuation Pause)
[2024-09-06T12:42:41.297+0000][gc,task     ] GC(11) Using 18 workers of 18 for evacuation
[2024-09-06T12:42:41.300+0000][gc,phases   ] GC(11)   Pre Evacuate Collection Set: 0.3ms
[2024-09-06T12:42:41.300+0000][gc,phases   ] GC(11)   Merge Heap Roots: 0.1ms
[2024-09-06T12:42:41.300+0000][gc,phases   ] GC(11)   Evacuate Collection Set: 2.1ms
[2024-09-06T12:42:41.300+0000][gc,phases   ] GC(11)   Post Evacuate Collection Set: 0.5ms
[2024-09-06T12:42:41.300+0000][gc,phases   ] GC(11)   Other: 0.0ms
[2024-09-06T12:42:41.300+0000][gc,heap     ] GC(11) Eden regions: 47->0(49)
[2024-09-06T12:42:41.300+0000][gc,heap     ] GC(11) Survivor regions: 4->4(7)
[2024-09-06T12:42:41.300+0000][gc,heap     ] GC(11) Old regions: 27->27
[2024-09-06T12:42:41.300+0000][gc,heap     ] GC(11) Humongous regions: 129->129
[2024-09-06T12:42:41.300+0000][gc,metaspace] GC(11) Metaspace: 45337K(46080K)->45337K(46080K) NonClass: 40066K(40512K)->40066K(40512K) Class: 5271K(5568K)->5271K(5568K)
[2024-09-06T12:42:41.300+0000][gc          ] GC(11) Pause Young (Normal) (G1 Evacuation Pause) 206M->159M(1024M) 3.038ms
[2024-09-06T12:42:41.300+0000][gc,cpu      ] GC(11) User=0.01s Sys=0.00s Real=0.00s
[2024-09-06T12:45:30.756+0000][gc,start    ] GC(12) Pause Young (Normal) (G1 Evacuation Pause)
[2024-09-06T12:45:30.756+0000][gc,task     ] GC(12) Using 18 workers of 18 for evacuation
[2024-09-06T12:45:30.772+0000][gc,phases   ] GC(12)   Pre Evacuate Collection Set: 0.7ms
[2024-09-06T12:45:30.772+0000][gc,phases   ] GC(12)   Merge Heap Roots: 0.3ms
[2024-09-06T12:45:30.772+0000][gc,phases   ] GC(12)   Evacuate Collection Set: 14.1ms
[2024-09-06T12:45:30.772+0000][gc,phases   ] GC(12)   Post Evacuate Collection Set: 0.8ms
[2024-09-06T12:45:30.772+0000][gc,phases   ] GC(12)   Other: 0.0ms
[2024-09-06T12:45:30.772+0000][gc,heap     ] GC(12) Eden regions: 49->0(44)
[2024-09-06T12:45:30.772+0000][gc,heap     ] GC(12) Survivor regions: 4->7(7)
[2024-09-06T12:45:30.772+0000][gc,heap     ] GC(12) Old regions: 27->28
[2024-09-06T12:45:30.772+0000][gc,heap     ] GC(12) Humongous regions: 129->129
[2024-09-06T12:45:30.772+0000][gc,metaspace] GC(12) Metaspace: 45692K(46400K)->45692K(46400K) NonClass: 40399K(40832K)->40399K(40832K) Class: 5293K(5568K)->5293K(5568K)
[2024-09-06T12:45:30.772+0000][gc          ] GC(12) Pause Young (Normal) (G1 Evacuation Pause) 208M->163M(1024M) 16.122ms
[2024-09-06T12:45:30.772+0000][gc,cpu      ] GC(12) User=0.00s Sys=0.09s Real=0.02s
