[2024-09-06T12:17:30.588+0000][gc,init] CardTable entry size: 512
[2024-09-06T12:17:30.588+0000][gc     ] Using G1
[2024-09-06T12:17:30.590+0000][gc,init] Version: 21.0.4+7-Ubuntu-1ubuntu224.04 (release)
[2024-09-06T12:17:30.590+0000][gc,init] CPUs: 24 total, 24 available
[2024-09-06T12:17:30.590+0000][gc,init] Memory: 7789M
[2024-09-06T12:17:30.590+0000][gc,init] Large Page Support: Disabled
[2024-09-06T12:17:30.590+0000][gc,init] NUMA Support: Disabled
[2024-09-06T12:17:30.590+0000][gc,init] Compressed Oops: Enabled (32-bit)
[2024-09-06T12:17:30.590+0000][gc,init] Heap Region Size: 1M
[2024-09-06T12:17:30.590+0000][gc,init] Heap Min Capacity: 512M
[2024-09-06T12:17:30.590+0000][gc,init] Heap Initial Capacity: 512M
[2024-09-06T12:17:30.590+0000][gc,init] Heap Max Capacity: 512M
[2024-09-06T12:17:30.590+0000][gc,init] Pre-touch: Disabled
[2024-09-06T12:17:30.590+0000][gc,init] Parallel Workers: 18
[2024-09-06T12:17:30.590+0000][gc,init] Concurrent Workers: 5
[2024-09-06T12:17:30.590+0000][gc,init] Concurrent Refinement Workers: 18
[2024-09-06T12:17:30.590+0000][gc,init] Periodic GC: Disabled
[2024-09-06T12:17:30.593+0000][gc,metaspace] CDS archive(s) mapped at: [0x00007fb69b000000-0x00007fb69bcae000-0x00007fb69bcae000), size 13295616, SharedBaseAddress: 0x00007fb69b000000, ArchiveRelocationMode: 1.
[2024-09-06T12:17:30.593+0000][gc,metaspace] Compressed class space mapped at: 0x00007fb69c000000-0x00007fb6dc000000, reserved size: 1073741824
[2024-09-06T12:17:30.593+0000][gc,metaspace] Narrow klass base: 0x00007fb69b000000, Narrow klass shift: 0, Narrow klass range: 0x100000000
[2024-09-06T12:17:30.964+0000][gc,start    ] GC(0) Pause Young (Normal) (G1 Evacuation Pause)
[2024-09-06T12:17:30.965+0000][gc,task     ] GC(0) Using 12 workers of 18 for evacuation
[2024-09-06T12:17:30.970+0000][gc,phases   ] GC(0)   Pre Evacuate Collection Set: 0.2ms
[2024-09-06T12:17:30.970+0000][gc,phases   ] GC(0)   Merge Heap Roots: 0.1ms
[2024-09-06T12:17:30.970+0000][gc,phases   ] GC(0)   Evacuate Collection Set: 3.1ms
[2024-09-06T12:17:30.970+0000][gc,phases   ] GC(0)   Post Evacuate Collection Set: 0.7ms
[2024-09-06T12:17:30.970+0000][gc,phases   ] GC(0)   Other: 1.0ms
[2024-09-06T12:17:30.970+0000][gc,heap     ] GC(0) Eden regions: 25->0(21)
[2024-09-06T12:17:30.970+0000][gc,heap     ] GC(0) Survivor regions: 0->4(4)
[2024-09-06T12:17:30.970+0000][gc,heap     ] GC(0) Old regions: 2->7
[2024-09-06T12:17:30.970+0000][gc,heap     ] GC(0) Humongous regions: 0->0
[2024-09-06T12:17:30.970+0000][gc,metaspace] GC(0) Metaspace: 8334K(8512K)->8334K(8512K) NonClass: 7470K(7616K)->7470K(7616K) Class: 863K(896K)->863K(896K)
[2024-09-06T12:17:30.970+0000][gc          ] GC(0) Pause Young (Normal) (G1 Evacuation Pause) 26M->9M(512M) 5.265ms
[2024-09-06T12:17:30.970+0000][gc,cpu      ] GC(0) User=0.04s Sys=0.01s Real=0.01s
