[2024-09-04T17:52:39.809+0000][gc,init] CardTable entry size: 512
[2024-09-04T17:52:39.810+0000][gc     ] Using G1
[2024-09-04T17:52:39.811+0000][gc,init] Version: 22.0.2+9-70 (release)
[2024-09-04T17:52:39.811+0000][gc,init] CPUs: 24 total, 24 available
[2024-09-04T17:52:39.811+0000][gc,init] Memory: 7789M
[2024-09-04T17:52:39.811+0000][gc,init] Large Page Support: Disabled
[2024-09-04T17:52:39.811+0000][gc,init] NUMA Support: Disabled
[2024-09-04T17:52:39.811+0000][gc,init] Compressed Oops: Enabled (32-bit)
[2024-09-04T17:52:39.811+0000][gc,init] Heap Region Size: 1M
[2024-09-04T17:52:39.811+0000][gc,init] Heap Min Capacity: 512M
[2024-09-04T17:52:39.811+0000][gc,init] Heap Initial Capacity: 512M
[2024-09-04T17:52:39.811+0000][gc,init] Heap Max Capacity: 512M
[2024-09-04T17:52:39.811+0000][gc,init] Pre-touch: Disabled
[2024-09-04T17:52:39.811+0000][gc,init] Parallel Workers: 18
[2024-09-04T17:52:39.811+0000][gc,init] Concurrent Workers: 5
[2024-09-04T17:52:39.811+0000][gc,init] Concurrent Refinement Workers: 18
[2024-09-04T17:52:39.811+0000][gc,init] Periodic GC: Disabled
[2024-09-04T17:52:39.815+0000][gc,metaspace] CDS archive(s) mapped at: [0x00007fb982000000-0x00007fb982c7a000-0x00007fb982c7a000), size 13082624, SharedBaseAddress: 0x00007fb982000000, ArchiveRelocationMode: 1.
[2024-09-04T17:52:39.815+0000][gc,metaspace] Compressed class space mapped at: 0x00007fb983000000-0x00007fb9c3000000, reserved size: 1073741824
[2024-09-04T17:52:39.815+0000][gc,metaspace] Narrow klass base: 0x00007fb982000000, Narrow klass shift: 0, Narrow klass range: 0x100000000
[2024-09-04T17:52:40.137+0000][gc,start    ] GC(0) Pause Young (Normal) (G1 Evacuation Pause)
[2024-09-04T17:52:40.138+0000][gc,task     ] GC(0) Using 12 workers of 18 for evacuation
[2024-09-04T17:52:40.143+0000][gc,phases   ] GC(0)   Pre Evacuate Collection Set: 0.14ms
[2024-09-04T17:52:40.143+0000][gc,phases   ] GC(0)   Merge Heap Roots: 0.12ms
[2024-09-04T17:52:40.143+0000][gc,phases   ] GC(0)   Evacuate Collection Set: 3.58ms
[2024-09-04T17:52:40.143+0000][gc,phases   ] GC(0)   Post Evacuate Collection Set: 0.73ms
[2024-09-04T17:52:40.143+0000][gc,phases   ] GC(0)   Other: 0.72ms
[2024-09-04T17:52:40.143+0000][gc,heap     ] GC(0) Eden regions: 25->0(21)
[2024-09-04T17:52:40.143+0000][gc,heap     ] GC(0) Survivor regions: 0->4(4)
[2024-09-04T17:52:40.143+0000][gc,heap     ] GC(0) Old regions: 2->7
[2024-09-04T17:52:40.143+0000][gc,heap     ] GC(0) Humongous regions: 0->0
[2024-09-04T17:52:40.143+0000][gc,metaspace] GC(0) Metaspace: 7582K(7808K)->7582K(7808K) NonClass: 6779K(6912K)->6779K(6912K) Class: 803K(896K)->803K(896K)
[2024-09-04T17:52:40.143+0000][gc          ] GC(0) Pause Young (Normal) (G1 Evacuation Pause) 26M->9M(512M) 5.426ms
[2024-09-04T17:52:40.143+0000][gc,cpu      ] GC(0) User=0.02s Sys=0.02s Real=0.01s
